<?xml version="1.0" encoding="UTF-8"?>
<testsuites name="Mocha Tests" time="136.907" tests="1" failures="1">
  <testsuite name="Root Suite" timestamp="2024-07-05T17:33:52" tests="0" file="cypress\e2e\EIDRiskManagement.feature" time="0.000" failures="0">
  </testsuite>
  <testsuite name="EIDRiskManagement" timestamp="2024-07-05T17:33:52" tests="1" time="136.815" failures="1">
    <testcase name="EIDRiskManagement I should be  able to create Global Functions" time="0.000" classname="I should be  able to create Global Functions">
      <failure message="Timed out retrying after 35000ms: Expected to find element: `//span[contains (., &quot;hsdfhsdf&quot;)]`, but never found it." type="AssertionError"><![CDATA[AssertionError: Timed out retrying after 35000ms: Expected to find element: `//span[contains (., "hsdfhsdf")]`, but never found it.
    at Context.eval (cypress/support/step-definitions/common.js:60:41)
    at Context.resolveAndRunStepDefinition (node_modules/cypress-cucumber-preprocessor/lib/resolveStepDefinition.js:193:0)
    at Context.eval (node_modules/cypress-cucumber-preprocessor/lib/createTestFromScenario.js:27:0)]]></failure>
    </testcase>
  </testsuite>
</testsuites>